stm32f3xx_it.c:69:6:NMI_Handler	4	static
stm32f3xx_it.c:82:6:HardFault_Handler	4	static
stm32f3xx_it.c:98:6:MemManage_Handler	4	static
stm32f3xx_it.c:114:6:BusFault_Handler	4	static
stm32f3xx_it.c:130:6:UsageFault_Handler	4	static
stm32f3xx_it.c:146:6:SVC_Handler	4	static
stm32f3xx_it.c:159:6:DebugMon_Handler	4	static
stm32f3xx_it.c:172:6:PendSV_Handler	4	static
stm32f3xx_it.c:185:6:SysTick_Handler	8	static
stm32f3xx_it.c:207:6:USB_LP_CAN_RX0_IRQHandler	8	static
stm32f3xx_it.c:221:6:TIM3_IRQHandler	16	static
