Archive member included to satisfy reference by file (symbol)

c:/program files (x86)/atollic/truestudio for arm 8.1.0/armtools/bin/../lib/gcc/arm-atollic-eabi/6.3.1/../../../../arm-atollic-eabi/lib/armv7e-m/fpu\libc_nano.a(lib_a-init.o)
                              startup\startup_stm32f303xc.o (__libc_init_array)

Allocating common symbols
Common symbol       size              file

hUsbDeviceFS        0x224             Src\usb_device.o
x                   0x2               Src\main.o
mouseHID            0x4               Src\stm32f3xx_it.o
htim4               0x40              Src\main.o
hi2c1               0x4c              Src\main.o
uwTick              0x4               Drivers\STM32F3xx_HAL_Driver\Src\stm32f3xx_hal.o
pFlash              0x20              Drivers\STM32F3xx_HAL_Driver\Src\stm32f3xx_hal_flash.o
htim3               0x40              Src\main.o
y                   0x2               Src\main.o
hpcd_USB_FS         0x3a8             Src\usbd_conf.o
USBD_StrDesc        0x200             Src\usbd_desc.o

Discarded input sections

 .text          0x00000000        0x0 c:/program files (x86)/atollic/truestudio for arm 8.1.0/armtools/bin/../lib/gcc/arm-atollic-eabi/6.3.1/armv7e-m/fpu/crti.o
 .data          0x00000000        0x0 c:/program files (x86)/atollic/truestudio for arm 8.1.0/armtools/bin/../lib/gcc/arm-atollic-eabi/6.3.1/armv7e-m/fpu/crti.o
 .bss           0x00000000        0x0 c:/program files (x86)/atollic/truestudio for arm 8.1.0/armtools/bin/../lib/gcc/arm-atollic-eabi/6.3.1/armv7e-m/fpu/crti.o
 .data          0x00000000        0x4 c:/program files (x86)/atollic/truestudio for arm 8.1.0/armtools/bin/../lib/gcc/arm-atollic-eabi/6.3.1/armv7e-m/fpu/crtbegin.o
 .text          0x00000000        0x0 Drivers\STM32F3xx_HAL_Driver\Src\stm32f3xx_hal.o
 .data          0x00000000        0x0 Drivers\STM32F3xx_HAL_Driver\Src\stm32f3xx_hal.o
 .bss           0x00000000        0x0 Drivers\STM32F3xx_HAL_Driver\Src\stm32f3xx_hal.o
 .text.HAL_DeInit
                0x00000000       0x3c Drivers\STM32F3xx_HAL_Driver\Src\stm32f3xx_hal.o
 .text.HAL_MspInit
                0x00000000        0xe Drivers\STM32F3xx_HAL_Driver\Src\stm32f3xx_hal.o
 .text.HAL_MspDeInit
                0x00000000        0xe Drivers\STM32F3xx_HAL_Driver\Src\stm32f3xx_hal.o
 .text.HAL_Delay
                0x00000000       0x3a Drivers\STM32F3xx_HAL_Driver\Src\stm32f3xx_hal.o
 .text.HAL_SuspendTick
                0x00000000       0x20 Drivers\STM32F3xx_HAL_Driver\Src\stm32f3xx_hal.o
 .text.HAL_ResumeTick
                0x00000000       0x20 Drivers\STM32F3xx_HAL_Driver\Src\stm32f3xx_hal.o
 .text.HAL_GetHalVersion
                0x00000000       0x14 Drivers\STM32F3xx_HAL_Driver\Src\stm32f3xx_hal.o
 .text.HAL_GetREVID
                0x00000000       0x18 Drivers\STM32F3xx_HAL_Driver\Src\stm32f3xx_hal.o
 .text.HAL_GetDEVID
                0x00000000       0x1c Drivers\STM32F3xx_HAL_Driver\Src\stm32f3xx_hal.o
 .text.HAL_GetUIDw0
                0x00000000       0x18 Drivers\STM32F3xx_HAL_Driver\Src\stm32f3xx_hal.o
 .text.HAL_GetUIDw1
                0x00000000       0x18 Drivers\STM32F3xx_HAL_Driver\Src\stm32f3xx_hal.o
 .text.HAL_GetUIDw2
                0x00000000       0x18 Drivers\STM32F3xx_HAL_Driver\Src\stm32f3xx_hal.o
 .text.HAL_DBGMCU_EnableDBGSleepMode
                0x00000000       0x20 Drivers\STM32F3xx_HAL_Driver\Src\stm32f3xx_hal.o
 .text.HAL_DBGMCU_DisableDBGSleepMode
                0x00000000       0x20 Drivers\STM32F3xx_HAL_Driver\Src\stm32f3xx_hal.o
 .text.HAL_DBGMCU_EnableDBGStopMode
                0x00000000       0x20 Drivers\STM32F3xx_HAL_Driver\Src\stm32f3xx_hal.o
 .text.HAL_DBGMCU_DisableDBGStopMode
                0x00000000       0x20 Drivers\STM32F3xx_HAL_Driver\Src\stm32f3xx_hal.o
 .text.HAL_DBGMCU_EnableDBGStandbyMode
                0x00000000       0x20 Drivers\STM32F3xx_HAL_Driver\Src\stm32f3xx_hal.o
 .text.HAL_DBGMCU_DisableDBGStandbyMode
                0x00000000       0x20 Drivers\STM32F3xx_HAL_Driver\Src\stm32f3xx_hal.o
 .text          0x00000000        0x0 Drivers\STM32F3xx_HAL_Driver\Src\stm32f3xx_hal_cortex.o
 .data          0x00000000        0x0 Drivers\STM32F3xx_HAL_Driver\Src\stm32f3xx_hal_cortex.o
 .bss           0x00000000        0x0 Drivers\STM32F3xx_HAL_Driver\Src\stm32f3xx_hal_cortex.o
 .text.NVIC_DisableIRQ
                0x00000000       0x34 Drivers\STM32F3xx_HAL_Driver\Src\stm32f3xx_hal_cortex.o
 .text.NVIC_GetPendingIRQ
                0x00000000       0x38 Drivers\STM32F3xx_HAL_Driver\Src\stm32f3xx_hal_cortex.o
 .text.NVIC_SetPendingIRQ
                0x00000000       0x34 Drivers\STM32F3xx_HAL_Driver\Src\stm32f3xx_hal_cortex.o
 .text.NVIC_ClearPendingIRQ
                0x00000000       0x34 Drivers\STM32F3xx_HAL_Driver\Src\stm32f3xx_hal_cortex.o
 .text.NVIC_GetActive
                0x00000000       0x38 Drivers\STM32F3xx_HAL_Driver\Src\stm32f3xx_hal_cortex.o
 .text.NVIC_GetPriority
[...]
Memory Configuration

Name             Origin             Length             Attributes
RAM              0x20000000         0x0000a000         xrw
CCMRAM           0x10000000         0x00002000         rw
FLASH            0x08000000         0x00040000         xr
*default*        0x00000000         0xffffffff

Linker script and memory map

LOAD c:/program files (x86)/atollic/truestudio for arm 8.1.0/armtools/bin/../lib/gcc/arm-atollic-eabi/6.3.1/armv7e-m/fpu/crti.o
LOAD c:/program files (x86)/atollic/truestudio for arm 8.1.0/armtools/bin/../lib/gcc/arm-atollic-eabi/6.3.1/armv7e-m/fpu/crtbegin.o
LOAD Drivers\STM32F3xx_HAL_Driver\Src\stm32f3xx_hal.o
LOAD Drivers\STM32F3xx_HAL_Driver\Src\stm32f3xx_hal_cortex.o
LOAD Drivers\STM32F3xx_HAL_Driver\Src\stm32f3xx_hal_dma.o
LOAD Drivers\STM32F3xx_HAL_Driver\Src\stm32f3xx_hal_flash.o
LOAD Drivers\STM32F3xx_HAL_Driver\Src\stm32f3xx_hal_flash_ex.o
LOAD Drivers\STM32F3xx_HAL_Driver\Src\stm32f3xx_hal_gpio.o
LOAD Drivers\STM32F3xx_HAL_Driver\Src\stm32f3xx_hal_i2c.o
LOAD Drivers\STM32F3xx_HAL_Driver\Src\stm32f3xx_hal_i2c_ex.o
LOAD Drivers\STM32F3xx_HAL_Driver\Src\stm32f3xx_hal_pcd.o
LOAD Drivers\STM32F3xx_HAL_Driver\Src\stm32f3xx_hal_pcd_ex.o
LOAD Drivers\STM32F3xx_HAL_Driver\Src\stm32f3xx_hal_pwr.o
LOAD Drivers\STM32F3xx_HAL_Driver\Src\stm32f3xx_hal_pwr_ex.o
LOAD Drivers\STM32F3xx_HAL_Driver\Src\stm32f3xx_hal_rcc.o
LOAD Drivers\STM32F3xx_HAL_Driver\Src\stm32f3xx_hal_rcc_ex.o
LOAD Drivers\STM32F3xx_HAL_Driver\Src\stm32f3xx_hal_tim.o
LOAD Drivers\STM32F3xx_HAL_Driver\Src\stm32f3xx_hal_tim_ex.o
LOAD Middlewares\ST\STM32_USB_Device_Library\Class\HID\Src\usbd_hid.o
LOAD Middlewares\ST\STM32_USB_Device_Library\Core\Src\usbd_core.o
LOAD Middlewares\ST\STM32_USB_Device_Library\Core\Src\usbd_ctlreq.o
LOAD Middlewares\ST\STM32_USB_Device_Library\Core\Src\usbd_ioreq.o
LOAD Src\main.o
LOAD Src\stm32f3xx_hal_msp.o
LOAD Src\stm32f3xx_it.o
LOAD Src\system_stm32f3xx.o
LOAD Src\usb_device.o
LOAD Src\usbd_conf.o
LOAD Src\usbd_desc.o
LOAD startup\startup_stm32f303xc.o
                0x00000080                malloc_getpagesize_P = 0x80
START GROUP
LOAD c:/program files (x86)/atollic/truestudio for arm 8.1.0/armtools/bin/../lib/gcc/arm-atollic-eabi/6.3.1/../../../../arm-atollic-eabi/lib/armv7e-m/fpu\libc_nano.a
LOAD c:/program files (x86)/atollic/truestudio for arm 8.1.0/armtools/bin/../lib/gcc/arm-atollic-eabi/6.3.1/../../../../arm-atollic-eabi/lib/armv7e-m/fpu\libm.a
END GROUP
START GROUP
LOAD c:/program files (x86)/atollic/truestudio for arm 8.1.0/armtools/bin/../lib/gcc/arm-atollic-eabi/6.3.1/armv7e-m/fpu\libgcc.a
LOAD c:/program files (x86)/atollic/truestudio for arm 8.1.0/armtools/bin/../lib/gcc/arm-atollic-eabi/6.3.1/../../../../arm-atollic-eabi/lib/armv7e-m/fpu\libc_nano.a
END GROUP
START GROUP
LOAD c:/program files (x86)/atollic/truestudio for arm 8.1.0/armtools/bin/../lib/gcc/arm-atollic-eabi/6.3.1/armv7e-m/fpu\libgcc.a
LOAD c:/program files (x86)/atollic/truestudio for arm 8.1.0/armtools/bin/../lib/gcc/arm-atollic-eabi/6.3.1/../../../../arm-atollic-eabi/lib/armv7e-m/fpu\libc_nano.a
LOAD c:/program files (x86)/atollic/truestudio for arm 8.1.0/armtools/bin/../lib/gcc/arm-atollic-eabi/6.3.1/../../../../arm-atollic-eabi/lib/armv7e-m/fpu\libnosys.a
END GROUP
START GROUP
LOAD c:/program files (x86)/atollic/truestudio for arm 8.1.0/armtools/bin/../lib/gcc/arm-atollic-eabi/6.3.1/armv7e-m/fpu\libgcc.a
LOAD c:/program files (x86)/atollic/truestudio for arm 8.1.0/armtools/bin/../lib/gcc/arm-atollic-eabi/6.3.1/../../../../arm-atollic-eabi/lib/armv7e-m/fpu\libc_nano.a
LOAD c:/program files (x86)/atollic/truestudio for arm 8.1.0/armtools/bin/../lib/gcc/arm-atollic-eabi/6.3.1/../../../../arm-atollic-eabi/lib/armv7e-m/fpu\libnosys.a
END GROUP
LOAD c:/program files (x86)/atollic/truestudio for arm 8.1.0/armtools/bin/../lib/gcc/arm-atollic-eabi/6.3.1/armv7e-m/fpu/crtend.o
LOAD c:/program files (x86)/atollic/truestudio for arm 8.1.0/armtools/bin/../lib/gcc/arm-atollic-eabi/6.3.1/armv7e-m/fpu/crtn.o
                0x2000a000                _estack = 0x2000a000
                0x00000200                _Min_Heap_Size = 0x200
                0x00000400                _Min_Stack_Size = 0x400

.isr_vector     0x08000000      0x188
                0x08000000                . = ALIGN (0x4)
 *(.isr_vector)
 .isr_vector    0x08000000      0x188 startup\startup_stm32f303xc.o
                0x08000000                g_pfnVectors
                0x08000188                . = ALIGN (0x4)

.text           0x08000188     0x7054
                0x08000188                . = ALIGN (0x4)
 *(.text)
 .text          0x08000188       0x40 c:/program files (x86)/atollic/truestudio for arm 8.1.0/armtools/bin/../lib/gcc/arm-atollic-eabi/6.3.1/armv7e-m/fpu/crtbegin.o
 *(.text*)
 .text.HAL_Init
                0x080001c8       0x2c Drivers\STM32F3xx_HAL_Driver\Src\stm32f3xx_hal.o
                0x080001c8                HAL_Init
 .text.HAL_InitTick
                0x080001f4       0x38 Drivers\STM32F3xx_HAL_Driver\Src\stm32f3xx_hal.o
                0x080001f4                HAL_InitTick
 .text.HAL_IncTick
                0x0800022c       0x1c Drivers\STM32F3xx_HAL_Driver\Src\stm32f3xx_hal.o
                0x0800022c                HAL_IncTick
 .text.HAL_GetTick
                0x08000248       0x18 Drivers\STM32F3xx_HAL_Driver\Src\stm32f3xx_hal.o
                0x08000248                HAL_GetTick
 .text.NVIC_SetPriorityGrouping
                0x08000260       0x48 Drivers\STM32F3xx_HAL_Driver\Src\stm32f3xx_hal_cortex.o
 .text.NVIC_GetPriorityGrouping
                0x080002a8       0x1c Drivers\STM32F3xx_HAL_Driver\Src\stm32f3xx_hal_cortex.o
 .text.NVIC_EnableIRQ
                0x080002c4       0x34 Drivers\STM32F3xx_HAL_Driver\Src\stm32f3xx_hal_cortex.o
 .text.NVIC_SetPriority
                0x080002f8       0x54 Drivers\STM32F3xx_HAL_Driver\Src\stm32f3xx_hal_cortex.o
 .text.NVIC_EncodePriority
                0x0800034c       0x62 Drivers\STM32F3xx_HAL_Driver\Src\stm32f3xx_hal_cortex.o
 *fill*         0x080003ae        0x2 
 .text.SysTick_Config
                0x080003b0       0x44 Drivers\STM32F3xx_HAL_Driver\Src\stm32f3xx_hal_cortex.o
 .text.HAL_NVIC_SetPriorityGrouping
                0x080003f4       0x16 Drivers\STM32F3xx_HAL_Driver\Src\stm32f3xx_hal_cortex.o
                0x080003f4                HAL_NVIC_SetPriorityGrouping
 .text.HAL_NVIC_SetPriority
                0x0800040a       0x38 Drivers\STM32F3xx_HAL_Driver\Src\stm32f3xx_hal_cortex.o
                0x0800040a                HAL_NVIC_SetPriority
 .text.HAL_NVIC_EnableIRQ
                0x08000442       0x1c Drivers\STM32F3xx_HAL_Driver\Src\stm32f3xx_hal_cortex.o
                0x08000442                HAL_NVIC_EnableIRQ
 .text.HAL_SYSTICK_Config
                0x0800045e       0x18 Drivers\STM32F3xx_HAL_Driver\Src\stm32f3xx_hal_cortex.o
                0x0800045e                HAL_SYSTICK_Config
 *fill*         0x08000476        0x2 
 .text.HAL_SYSTICK_CLKSourceConfig
                0x08000478       0x38 Drivers\STM32F3xx_HAL_Driver\Src\stm32f3xx_hal_cortex.o
                0x08000478                HAL_SYSTICK_CLKSourceConfig
 .text.HAL_SYSTICK_IRQHandler
                0x080004b0        0xc Drivers\STM32F3xx_HAL_Driver\Src\stm32f3xx_hal_cortex.o
                0x080004b0                HAL_SYSTICK_IRQHandler
 .text.HAL_SYSTICK_Callback
                0x080004bc        0xe Drivers\STM32F3xx_HAL_Driver\Src\stm32f3xx_hal_cortex.o
                0x080004bc                HAL_SYSTICK_Callback
 *fill*         0x080004ca        0x2 
 .text.HAL_GPIO_Init
                0x080004cc      0x2fc Drivers\STM32F3xx_HAL_Driver\Src\stm32f3xx_hal_gpio.o
                0x080004cc                HAL_GPIO_Init
 .text.HAL_GPIO_ReadPin
                0x080007c8       0x30 Drivers\STM32F3xx_HAL_Driver\Src\stm32f3xx_hal_gpio.o
                0x080007c8                HAL_GPIO_ReadPin
 .text.HAL_GPIO_WritePin
                0x080007f8       0x30 Drivers\STM32F3xx_HAL_Driver\Src\stm32f3xx_hal_gpio.o
                0x080007f8                HAL_GPIO_WritePin
 .text.HAL_I2C_Init
                0x08000828      0x11c Drivers\STM32F3xx_HAL_Driver\Src\stm32f3xx_hal_i2c.o
                0x08000828                HAL_I2C_Init
 .text.HAL_I2C_Master_Transmit
                0x08000944      0x200 Drivers\STM32F3xx_HAL_Driver\Src\stm32f3xx_hal_i2c.o
                0x08000944                HAL_I2C_Master_Transmit
 .text.HAL_I2C_Master_Receive
                0x08000b44      0x204 Drivers\STM32F3xx_HAL_Driver\Src\stm32f3xx_hal_i2c.o
                0x08000b44                HAL_I2C_Master_Receive
 .text.I2C_Flush_TXDR
                0x08000d48       0x48 Drivers\STM32F3xx_HAL_Driver\Src\stm32f3xx_hal_i2c.o
 .text.I2C_WaitOnFlagUntilTimeout
                0x08000d90       0x74 Drivers\STM32F3xx_HAL_Driver\Src\stm32f3xx_hal_i2c.o
 .text.I2C_WaitOnTXISFlagUntilTimeout
                0x08000e04       0x80 Drivers\STM32F3xx_HAL_Driver\Src\stm32f3xx_hal_i2c.o
 .text.I2C_WaitOnSTOPFlagUntilTimeout
                0x08000e84       0x78 Drivers\STM32F3xx_HAL_Driver\Src\stm32f3xx_hal_i2c.o
 .text.I2C_WaitOnRXNEFlagUntilTimeout
                0x08000efc       0xbc Drivers\STM32F3xx_HAL_Driver\Src\stm32f3xx_hal_i2c.o
 .text.I2C_IsAcknowledgeFailed
                0x08000fb8       0xbc Drivers\STM32F3xx_HAL_Driver\Src\stm32f3xx_hal_i2c.o
 .text.I2C_TransferConfig
                0x08001074       0x5c Drivers\STM32F3xx_HAL_Driver\Src\stm32f3xx_hal_i2c.o
 .text.HAL_I2CEx_ConfigAnalogFilter
                0x080010d0       0x96 Drivers\STM32F3xx_HAL_Driver\Src\stm32f3xx_hal_i2c_ex.o
                0x080010d0                HAL_I2CEx_ConfigAnalogFilter
 .text.HAL_I2CEx_ConfigDigitalFilter
                0x08001166       0x9c Drivers\STM32F3xx_HAL_Driver\Src\stm32f3xx_hal_i2c_ex.o
                0x08001166                HAL_I2CEx_ConfigDigitalFilter
 .text.HAL_PCD_Init
                0x08001202      0x1c0 Drivers\STM32F3xx_HAL_Driver\Src\stm32f3xx_hal_pcd.o
                0x08001202                HAL_PCD_Init
 .text.HAL_PCD_Start
                0x080013c2       0x1a Drivers\STM32F3xx_HAL_Driver\Src\stm32f3xx_hal_pcd.o
                0x080013c2                HAL_PCD_Start
 .text.PCD_EP_ISR_Handler
                0x080013dc      0x644 Drivers\STM32F3xx_HAL_Driver\Src\stm32f3xx_hal_pcd.o
 .text.HAL_PCD_IRQHandler
                0x08001a20      0x19e Drivers\STM32F3xx_HAL_Driver\Src\stm32f3xx_hal_pcd.o
                0x08001a20                HAL_PCD_IRQHandler
 .text.HAL_PCD_SetAddress
                0x08001bbe       0x52 Drivers\STM32F3xx_HAL_Driver\Src\stm32f3xx_hal_pcd.o
                0x08001bbe                HAL_PCD_SetAddress
 .text.HAL_PCD_EP_Open
                0x08001c10      0x6cc Drivers\STM32F3xx_HAL_Driver\Src\stm32f3xx_hal_pcd.o
                0x08001c10                HAL_PCD_EP_Open
 .text.HAL_PCD_EP_Close
                0x080022dc      0x3e8 Drivers\STM32F3xx_HAL_Driver\Src\stm32f3xx_hal_pcd.o
                0x080022dc                HAL_PCD_EP_Close
 .text.HAL_PCD_EP_Receive
                0x080026c4      0x1fc Drivers\STM32F3xx_HAL_Driver\Src\stm32f3xx_hal_pcd.o
                0x080026c4                HAL_PCD_EP_Receive
 .text.HAL_PCD_EP_Transmit
                0x080028c0      0x1bc Drivers\STM32F3xx_HAL_Driver\Src\stm32f3xx_hal_pcd.o
                0x080028c0                HAL_PCD_EP_Transmit
 .text.HAL_PCD_EP_SetStall
                0x08002a7c      0x148 Drivers\STM32F3xx_HAL_Driver\Src\stm32f3xx_hal_pcd.o
                0x08002a7c                HAL_PCD_EP_SetStall
 .text.HAL_PCD_EP_ClrStall
                0x08002bc4      0x1a8 Drivers\STM32F3xx_HAL_Driver\Src\stm32f3xx_hal_pcd.o
                0x08002bc4                HAL_PCD_EP_ClrStall
 .text.HAL_PCDEx_PMAConfig
                0x08002d6c       0x88 Drivers\STM32F3xx_HAL_Driver\Src\stm32f3xx_hal_pcd_ex.o
                0x08002d6c                HAL_PCDEx_PMAConfig
 .text.PCD_WritePMA
                0x08002df4       0x82 Drivers\STM32F3xx_HAL_Driver\Src\stm32f3xx_hal_pcd_ex.o
                0x08002df4                PCD_WritePMA
 .text.PCD_ReadPMA
                0x08002e76       0x98 Drivers\STM32F3xx_HAL_Driver\Src\stm32f3xx_hal_pcd_ex.o
                0x08002e76                PCD_ReadPMA
 *fill*         0x08002f0e        0x2 
 .text.HAL_RCC_OscConfig
                0x08002f10      0xdd4 Drivers\STM32F3xx_HAL_Driver\Src\stm32f3xx_hal_rcc.o
                0x08002f10                HAL_RCC_OscConfig
 .text.HAL_RCC_ClockConfig
                0x08003ce4      0x340 Drivers\STM32F3xx_HAL_Driver\Src\stm32f3xx_hal_rcc.o
                0x08003ce4                HAL_RCC_ClockConfig
 .text.HAL_RCC_GetSysClockFreq
                0x08004024       0xd4 Drivers\STM32F3xx_HAL_Driver\Src\stm32f3xx_hal_rcc.o
                0x08004024                HAL_RCC_GetSysClockFreq
 .text.HAL_RCC_GetHCLKFreq
                0x080040f8       0x18 Drivers\STM32F3xx_HAL_Driver\Src\stm32f3xx_hal_rcc.o
                0x080040f8                HAL_RCC_GetHCLKFreq
 .text.HAL_RCCEx_PeriphCLKConfig
                0x08004110      0x360 Drivers\STM32F3xx_HAL_Driver\Src\stm32f3xx_hal_rcc_ex.o
                0x08004110                HAL_RCCEx_PeriphCLKConfig
 .text.HAL_TIM_Base_Init
                0x08004470       0x56 Drivers\STM32F3xx_HAL_Driver\Src\stm32f3xx_hal_tim.o
                0x08004470                HAL_TIM_Base_Init
 .text.HAL_TIM_Base_Start_IT
                0x080044c6       0x36 Drivers\STM32F3xx_HAL_Driver\Src\stm32f3xx_hal_tim.o
                0x080044c6                HAL_TIM_Base_Start_IT
 .text.HAL_TIM_IRQHandler
                0x080044fc      0x23e Drivers\STM32F3xx_HAL_Driver\Src\stm32f3xx_hal_tim.o
                0x080044fc                HAL_TIM_IRQHandler
 .text.HAL_TIM_ConfigClockSource
                0x0800473a      0x1c4 Drivers\STM32F3xx_HAL_Driver\Src\stm32f3xx_hal_tim.o
                0x0800473a                HAL_TIM_ConfigClockSource
 .text.HAL_TIM_PeriodElapsedCallback
                0x080048fe       0x14 Drivers\STM32F3xx_HAL_Driver\Src\stm32f3xx_hal_tim.o
                0x080048fe                HAL_TIM_PeriodElapsedCallback
 .text.HAL_TIM_OC_DelayElapsedCallback
                0x08004912       0x14 Drivers\STM32F3xx_HAL_Driver\Src\stm32f3xx_hal_tim.o
                0x08004912                HAL_TIM_OC_DelayElapsedCallback
 .text.HAL_TIM_IC_CaptureCallback
                0x08004926       0x14 Drivers\STM32F3xx_HAL_Driver\Src\stm32f3xx_hal_tim.o
                0x08004926                HAL_TIM_IC_CaptureCallback
 .text.HAL_TIM_PWM_PulseFinishedCallback
                0x0800493a       0x14 Drivers\STM32F3xx_HAL_Driver\Src\stm32f3xx_hal_tim.o
                0x0800493a                HAL_TIM_PWM_PulseFinishedCallback
 .text.HAL_TIM_TriggerCallback
                0x0800494e       0x14 Drivers\STM32F3xx_HAL_Driver\Src\stm32f3xx_hal_tim.o
                0x0800494e                HAL_TIM_TriggerCallback
 *fill*         0x08004962        0x2 
 .text.TIM_Base_SetConfig
                0x08004964      0x124 Drivers\STM32F3xx_HAL_Driver\Src\stm32f3xx_hal_tim.o
                0x08004964                TIM_Base_SetConfig
 .text.TIM_TI1_ConfigInputStage
                0x08004a88       0x66 Drivers\STM32F3xx_HAL_Driver\Src\stm32f3xx_hal_tim.o
 .text.TIM_TI2_ConfigInputStage
                0x08004aee       0x68 Drivers\STM32F3xx_HAL_Driver\Src\stm32f3xx_hal_tim.o
 .text.TIM_ITRx_SetConfig
                0x08004b56       0x40 Drivers\STM32F3xx_HAL_Driver\Src\stm32f3xx_hal_tim.o
 .text.TIM_ETR_SetConfig
                0x08004b96       0x44 Drivers\STM32F3xx_HAL_Driver\Src\stm32f3xx_hal_tim.o
                0x08004b96                TIM_ETR_SetConfig
 *fill*         0x08004bda        0x2 
 .text.HAL_TIMEx_MasterConfigSynchronization
                0x08004bdc       0xa8 Drivers\STM32F3xx_HAL_Driver\Src\stm32f3xx_hal_tim_ex.o
                0x08004bdc                HAL_TIMEx_MasterConfigSynchronization
 .text.HAL_TIMEx_CommutationCallback
                0x08004c84       0x14 Drivers\STM32F3xx_HAL_Driver\Src\stm32f3xx_hal_tim_ex.o
                0x08004c84                HAL_TIMEx_CommutationCallback
 .text.HAL_TIMEx_BreakCallback
                0x08004c98       0x14 Drivers\STM32F3xx_HAL_Driver\Src\stm32f3xx_hal_tim_ex.o
                0x08004c98                HAL_TIMEx_BreakCallback
 .text.HAL_TIMEx_Break2Callback
                0x08004cac       0x14 Drivers\STM32F3xx_HAL_Driver\Src\stm32f3xx_hal_tim_ex.o
                0x08004cac                HAL_TIMEx_Break2Callback
 .text.USBD_HID_Init
                0x08004cc0       0x4e Middlewares\ST\STM32_USB_Device_Library\Class\HID\Src\usbd_hid.o
 .text.USBD_HID_DeInit
                0x08004d0e       0x3c Middlewares\ST\STM32_USB_Device_Library\Class\HID\Src\usbd_hid.o
 *fill*         0x08004d4a        0x2 
 .text.USBD_HID_Setup
                0x08004d4c      0x138 Middlewares\ST\STM32_USB_Device_Library\Class\HID\Src\usbd_hid.o
 .text.USBD_HID_SendReport
                0x08004e84       0x44 Middlewares\ST\STM32_USB_Device_Library\Class\HID\Src\usbd_hid.o
                0x08004e84                USBD_HID_SendReport
 .text.USBD_HID_GetCfgDesc
                0x08004ec8       0x20 Middlewares\ST\STM32_USB_Device_Library\Class\HID\Src\usbd_hid.o
 .text.USBD_HID_DataIn
                0x08004ee8       0x24 Middlewares\ST\STM32_USB_Device_Library\Class\HID\Src\usbd_hid.o
 .text.USBD_HID_GetDeviceQualifierDesc
                0x08004f0c       0x20 Middlewares\ST\STM32_USB_Device_Library\Class\HID\Src\usbd_hid.o
 .text.USBD_Init
                0x08004f2c       0x56 Middlewares\ST\STM32_USB_Device_Library\Core\Src\usbd_core.o
                0x08004f2c                USBD_Init
 .text.USBD_RegisterClass
                0x08004f82       0x34 Middlewares\ST\STM32_USB_Device_Library\Core\Src\usbd_core.o
                0x08004f82                USBD_RegisterClass
 .text.USBD_Start
                0x08004fb6       0x18 Middlewares\ST\STM32_USB_Device_Library\Core\Src\usbd_core.o
                0x08004fb6                USBD_Start
 .text.USBD_RunTestMode
                0x08004fce       0x16 Middlewares\ST\STM32_USB_Device_Library\Core\Src\usbd_core.o
                0x08004fce                USBD_RunTestMode
 .text.USBD_SetClassConfig
                0x08004fe4       0x3e Middlewares\ST\STM32_USB_Device_Library\Core\Src\usbd_core.o
                0x08004fe4                USBD_SetClassConfig
 .text.USBD_ClrClassConfig
                0x08005022       0x26 Middlewares\ST\STM32_USB_Device_Library\Core\Src\usbd_core.o
                0x08005022                USBD_ClrClassConfig
 .text.USBD_LL_SetupStage
                0x08005048       0x94 Middlewares\ST\STM32_USB_Device_Library\Core\Src\usbd_core.o
                0x08005048                USBD_LL_SetupStage
 .text.USBD_LL_DataOutStage
                0x080050dc       0xb6 Middlewares\ST\STM32_USB_Device_Library\Core\Src\usbd_core.o
                0x080050dc                USBD_LL_DataOutStage
 .text.USBD_LL_DataInStage
                0x08005192      0x11e Middlewares\ST\STM32_USB_Device_Library\Core\Src\usbd_core.o
                0x08005192                USBD_LL_DataInStage
 .text.USBD_LL_Reset
                0x080052b0       0x5e Middlewares\ST\STM32_USB_Device_Library\Core\Src\usbd_core.o
                0x080052b0                USBD_LL_Reset
 .text.USBD_LL_SetSpeed
                0x0800530e       0x20 Middlewares\ST\STM32_USB_Device_Library\Core\Src\usbd_core.o
                0x0800530e                USBD_LL_SetSpeed
 .text.USBD_LL_Suspend
                0x0800532e       0x2a Middlewares\ST\STM32_USB_Device_Library\Core\Src\usbd_core.o
                0x0800532e                USBD_LL_Suspend
 .text.USBD_LL_Resume
                0x08005358       0x22 Middlewares\ST\STM32_USB_Device_Library\Core\Src\usbd_core.o
                0x08005358                USBD_LL_Resume
 .text.USBD_LL_SOF
                0x0800537a       0x34 Middlewares\ST\STM32_USB_Device_Library\Core\Src\usbd_core.o
                0x0800537a                USBD_LL_SOF
 *fill*         0x080053ae        0x2 
 .text.USBD_StdDevReq
                0x080053b0       0xa0 Middlewares\ST\STM32_USB_Device_Library\Core\Src\usbd_ctlreq.o
                0x080053b0                USBD_StdDevReq
 .text.USBD_StdItfReq
                0x08005450       0x66 Middlewares\ST\STM32_USB_Device_Library\Core\Src\usbd_ctlreq.o
                0x08005450                USBD_StdItfReq
 .text.USBD_StdEPReq
                0x080054b6      0x1b0 Middlewares\ST\STM32_USB_Device_Library\Core\Src\usbd_ctlreq.o
                0x080054b6                USBD_StdEPReq
 *fill*         0x08005666        0x2 
 .text.USBD_GetDescriptor
                0x08005668      0x1e8 Middlewares\ST\STM32_USB_Device_Library\Core\Src\usbd_ctlreq.o
 .text.USBD_SetAddress
                0x08005850       0x7c Middlewares\ST\STM32_USB_Device_Library\Core\Src\usbd_ctlreq.o
 .text.USBD_SetConfig
                0x080058cc      0x110 Middlewares\ST\STM32_USB_Device_Library\Core\Src\usbd_ctlreq.o
 .text.USBD_GetConfig
                0x080059dc       0x64 Middlewares\ST\STM32_USB_Device_Library\Core\Src\usbd_ctlreq.o
 .text.USBD_GetStatus
                0x08005a40       0x54 Middlewares\ST\STM32_USB_Device_Library\Core\Src\usbd_ctlreq.o
 .text.USBD_SetFeature
                0x08005a94       0x36 Middlewares\ST\STM32_USB_Device_Library\Core\Src\usbd_ctlreq.o
 .text.USBD_ClrFeature
                0x08005aca       0x50 Middlewares\ST\STM32_USB_Device_Library\Core\Src\usbd_ctlreq.o
 .text.USBD_ParseSetupRequest
                0x08005b1a       0x7a Middlewares\ST\STM32_USB_Device_Library\Core\Src\usbd_ctlreq.o
                0x08005b1a                USBD_ParseSetupRequest
 .text.USBD_CtlError
                0x08005b94       0x22 Middlewares\ST\STM32_USB_Device_Library\Core\Src\usbd_ctlreq.o
                0x08005b94                USBD_CtlError
 .text.USBD_GetString
                0x08005bb6       0x86 Middlewares\ST\STM32_USB_Device_Library\Core\Src\usbd_ctlreq.o
                0x08005bb6                USBD_GetString
 .text.USBD_GetLen
                0x08005c3c       0x30 Middlewares\ST\STM32_USB_Device_Library\Core\Src\usbd_ctlreq.o
 .text.USBD_CtlSendData
                0x08005c6c       0x38 Middlewares\ST\STM32_USB_Device_Library\Core\Src\usbd_ioreq.o
                0x08005c6c                USBD_CtlSendData
 .text.USBD_CtlContinueSendData
                0x08005ca4       0x24 Middlewares\ST\STM32_USB_Device_Library\Core\Src\usbd_ioreq.o
                0x08005ca4                USBD_CtlContinueSendData
 .text.USBD_CtlContinueRx
                0x08005cc8       0x24 Middlewares\ST\STM32_USB_Device_Library\Core\Src\usbd_ioreq.o
                0x08005cc8                USBD_CtlContinueRx
 .text.USBD_CtlSendStatus
                0x08005cec       0x26 Middlewares\ST\STM32_USB_Device_Library\Core\Src\usbd_ioreq.o
                0x08005cec                USBD_CtlSendStatus
 .text.USBD_CtlReceiveStatus
                0x08005d12       0x26 Middlewares\ST\STM32_USB_Device_Library\Core\Src\usbd_ioreq.o
                0x08005d12                USBD_CtlReceiveStatus
 .text.SetLed   0x08005d38       0x50 Src\main.o
                0x08005d38                SetLed
 .text.Write_LSM_Reg
                0x08005d88       0x3c Src\main.o
                0x08005d88                Write_LSM_Reg
 .text.Read_LSM_Reg
                0x08005dc4       0x54 Src\main.o
                0x08005dc4                Read_LSM_Reg
 .text.LSM303DLHC_accelerometer_init
                0x08005e18       0x26 Src\main.o
                0x08005e18                LSM303DLHC_accelerometer_init
 *fill*         0x08005e3e        0x2 
 .text.get_accelerometer_data
                0x08005e40       0x5c Src\main.o
                0x08005e40                get_accelerometer_data
 .text.main     0x08005e9c       0x2c Src\main.o
                0x08005e9c                main
 .text.SystemClock_Config
                0x08005ec8       0xd0 Src\main.o
                0x08005ec8                SystemClock_Config
 .text.MX_I2C1_Init
                0x08005f98       0x90 Src\main.o
 .text.MX_TIM3_Init
                0x08006028       0x9c Src\main.o
 .text.MX_GPIO_Init
                0x080060c4       0xd8 Src\main.o
 .text._Error_Handler
                0x0800619c        0xc Src\main.o
                0x0800619c                _Error_Handler
 .text.HAL_MspInit
                0x080061a8       0x84 Src\stm32f3xx_hal_msp.o
                0x080061a8                HAL_MspInit
 .text.HAL_I2C_MspInit
                0x0800622c       0x60 Src\stm32f3xx_hal_msp.o
                0x0800622c                HAL_I2C_MspInit
 .text.HAL_TIM_Base_MspInit
                0x0800628c       0x84 Src\stm32f3xx_hal_msp.o
                0x0800628c                HAL_TIM_Base_MspInit
 .text.NMI_Handler
                0x08006310        0xe Src\stm32f3xx_it.o
                0x08006310                NMI_Handler
 .text.HardFault_Handler
                0x0800631e        0x6 Src\stm32f3xx_it.o
                0x0800631e                HardFault_Handler
 .text.MemManage_Handler
                0x08006324        0x6 Src\stm32f3xx_it.o
                0x08006324                MemManage_Handler
 .text.BusFault_Handler
                0x0800632a        0x6 Src\stm32f3xx_it.o
                0x0800632a                BusFault_Handler
 .text.UsageFault_Handler
                0x08006330        0x6 Src\stm32f3xx_it.o
                0x08006330                UsageFault_Handler
 .text.SVC_Handler
                0x08006336        0xe Src\stm32f3xx_it.o
                0x08006336                SVC_Handler
 .text.DebugMon_Handler
                0x08006344        0xe Src\stm32f3xx_it.o
                0x08006344                DebugMon_Handler
 .text.PendSV_Handler
                0x08006352        0xe Src\stm32f3xx_it.o
                0x08006352                PendSV_Handler
 .text.SysTick_Handler
                0x08006360       0x10 Src\stm32f3xx_it.o
                0x08006360                SysTick_Handler
 .text.USB_LP_CAN_RX0_IRQHandler
                0x08006370       0x14 Src\stm32f3xx_it.o
                0x08006370                USB_LP_CAN_RX0_IRQHandler
 .text.TIM3_IRQHandler
                0x08006384      0x51c Src\stm32f3xx_it.o
                0x08006384                TIM3_IRQHandler
 .text.SystemInit
                0x080068a0       0x94 Src\system_stm32f3xx.o
                0x080068a0                SystemInit
 .text.MX_USB_DEVICE_Init
                0x08006934       0x2c Src\usb_device.o
                0x08006934                MX_USB_DEVICE_Init
 .text.HAL_PCD_MspInit
                0x08006960       0x70 Src\usbd_conf.o
                0x08006960                HAL_PCD_MspInit
 .text.HAL_PCD_SetupStageCallback
                0x080069d0       0x24 Src\usbd_conf.o
                0x080069d0                HAL_PCD_SetupStageCallback
 .text.HAL_PCD_DataOutStageCallback
                0x080069f4       0x36 Src\usbd_conf.o
                0x080069f4                HAL_PCD_DataOutStageCallback
 .text.HAL_PCD_DataInStageCallback
                0x08006a2a       0x34 Src\usbd_conf.o
                0x08006a2a                HAL_PCD_DataInStageCallback
 .text.HAL_PCD_SOFCallback
                0x08006a5e       0x1c Src\usbd_conf.o
                0x08006a5e                HAL_PCD_SOFCallback
 .text.HAL_PCD_ResetCallback
                0x08006a7a       0x44 Src\usbd_conf.o
                0x08006a7a                HAL_PCD_ResetCallback
 *fill*         0x08006abe        0x2 
 .text.HAL_PCD_SuspendCallback
                0x08006ac0       0x34 Src\usbd_conf.o
                0x08006ac0                HAL_PCD_SuspendCallback
 .text.HAL_PCD_ResumeCallback
                0x08006af4       0x1c Src\usbd_conf.o
                0x08006af4                HAL_PCD_ResumeCallback
 .text.USBD_LL_Init
                0x08006b10       0xa0 Src\usbd_conf.o
                0x08006b10                USBD_LL_Init
 .text.USBD_LL_Start
                0x08006bb0       0x64 Src\usbd_conf.o
                0x08006bb0                USBD_LL_Start
 .text.USBD_LL_OpenEP
                0x08006c14       0x7c Src\usbd_conf.o
                0x08006c14                USBD_LL_OpenEP
 .text.USBD_LL_CloseEP
                0x08006c90       0x6c Src\usbd_conf.o
                0x08006c90                USBD_LL_CloseEP
 .text.USBD_LL_StallEP
                0x08006cfc       0x6c Src\usbd_conf.o
                0x08006cfc                USBD_LL_StallEP
 .text.USBD_LL_ClearStallEP
                0x08006d68       0x6c Src\usbd_conf.o
                0x08006d68                USBD_LL_ClearStallEP
 .text.USBD_LL_IsStallEP
                0x08006dd4       0x58 Src\usbd_conf.o
                0x08006dd4                USBD_LL_IsStallEP
 .text.USBD_LL_SetUSBAddress
                0x08006e2c       0x6c Src\usbd_conf.o
                0x08006e2c                USBD_LL_SetUSBAddress
 .text.USBD_LL_Transmit
                0x08006e98       0x74 Src\usbd_conf.o
                0x08006e98                USBD_LL_Transmit
 .text.USBD_LL_PrepareReceive
                0x08006f0c       0x74 Src\usbd_conf.o
                0x08006f0c                USBD_LL_PrepareReceive
 .text.USBD_static_malloc
                0x08006f80       0x1c Src\usbd_conf.o
                0x08006f80                USBD_static_malloc
 .text.USBD_static_free
                0x08006f9c       0x14 Src\usbd_conf.o
                0x08006f9c                USBD_static_free
 .text.HAL_PCDEx_SetConnectionState
                0x08006fb0       0x18 Src\usbd_conf.o
                0x08006fb0                HAL_PCDEx_SetConnectionState
 .text.USBD_FS_DeviceDescriptor
                0x08006fc8       0x24 Src\usbd_desc.o
                0x08006fc8                USBD_FS_DeviceDescriptor
 .text.USBD_FS_LangIDStrDescriptor
                0x08006fec       0x24 Src\usbd_desc.o
                0x08006fec                USBD_FS_LangIDStrDescriptor
 .text.USBD_FS_ProductStrDescriptor
                0x08007010       0x3c Src\usbd_desc.o
                0x08007010                USBD_FS_ProductStrDescriptor
 .text.USBD_FS_ManufacturerStrDescriptor
                0x0800704c       0x28 Src\usbd_desc.o
                0x0800704c                USBD_FS_ManufacturerStrDescriptor
 .text.USBD_FS_SerialStrDescriptor
                0x08007074       0x3c Src\usbd_desc.o
                0x08007074                USBD_FS_SerialStrDescriptor
 .text.USBD_FS_ConfigStrDescriptor
                0x080070b0       0x3c Src\usbd_desc.o
                0x080070b0                USBD_FS_ConfigStrDescriptor
 .text.USBD_FS_InterfaceStrDescriptor
                0x080070ec       0x3c Src\usbd_desc.o
                0x080070ec                USBD_FS_InterfaceStrDescriptor
 .text.Reset_Handler
                0x08007128       0x50 startup\startup_stm32f303xc.o
                0x08007128                Reset_Handler
 .text.Default_Handler
                0x08007178        0x2 startup\startup_stm32f303xc.o
                0x08007178                RTC_Alarm_IRQHandler
                0x08007178                TIM8_TRG_COM_IRQHandler
                0x08007178                TIM8_CC_IRQHandler
                0x08007178                TIM1_CC_IRQHandler
                0x08007178                USB_HP_IRQHandler
                0x08007178                PVD_IRQHandler
                0x08007178                TAMP_STAMP_IRQHandler
                0x08007178                EXTI3_IRQHandler
                0x08007178                USB_HP_CAN_TX_IRQHandler
                0x08007178                EXTI0_IRQHandler
                0x08007178                I2C2_EV_IRQHandler
                0x08007178                FPU_IRQHandler
                0x08007178                TIM1_UP_TIM16_IRQHandler
                0x08007178                ADC1_2_IRQHandler
                0x08007178                SPI1_IRQHandler
                0x08007178                CAN_SCE_IRQHandler
                0x08007178                TIM6_DAC_IRQHandler
                0x08007178                TIM8_UP_IRQHandler
                0x08007178                DMA2_Channel2_IRQHandler
                0x08007178                DMA1_Channel4_IRQHandler
                0x08007178                USART3_IRQHandler
                0x08007178                DMA1_Channel7_IRQHandler
                0x08007178                UART5_IRQHandler
                0x08007178                ADC3_IRQHandler
                0x08007178                TIM4_IRQHandler
                0x08007178                CAN_RX1_IRQHandler
                0x08007178                DMA2_Channel1_IRQHandler
                0x08007178                I2C1_EV_IRQHandler
                0x08007178                DMA1_Channel6_IRQHandler
                0x08007178                UART4_IRQHandler
                0x08007178                DMA2_Channel4_IRQHandler
                0x08007178                RCC_IRQHandler
                0x08007178                DMA1_Channel1_IRQHandler
                0x08007178                Default_Handler
                0x08007178                USBWakeUp_RMP_IRQHandler
                0x08007178                EXTI15_10_IRQHandler
                0x08007178                TIM7_IRQHandler
                0x08007178                EXTI9_5_IRQHandler
                0x08007178                RTC_WKUP_IRQHandler
                0x08007178                SPI2_IRQHandler
                0x08007178                DMA2_Channel5_IRQHandler
                0x08007178                DMA1_Channel5_IRQHandler
                0x08007178                USB_LP_IRQHandler
                0x08007178                EXTI4_IRQHandler
                0x08007178                TIM1_TRG_COM_TIM17_IRQHandler
                0x08007178                DMA1_Channel3_IRQHandler
                0x08007178                ADC4_IRQHandler
                0x08007178                WWDG_IRQHandler
                0x08007178                TIM2_IRQHandler
                0x08007178                COMP7_IRQHandler
                0x08007178                COMP1_2_3_IRQHandler
                0x08007178                EXTI1_IRQHandler
                0x08007178                USART2_IRQHandler
                0x08007178                COMP4_5_6_IRQHandler
                0x08007178                I2C2_ER_IRQHandler
                0x08007178                DMA1_Channel2_IRQHandler
                0x08007178                TIM8_BRK_IRQHandler
                0x08007178                FLASH_IRQHandler
                0x08007178                USART1_IRQHandler
                0x08007178                SPI3_IRQHandler
                0x08007178                I2C1_ER_IRQHandler
                0x08007178                USBWakeUp_IRQHandler
                0x08007178                DMA2_Channel3_IRQHandler
                0x08007178                EXTI2_TSC_IRQHandler
                0x08007178                TIM1_BRK_TIM15_IRQHandler
 *fill*         0x0800717a        0x2 
 .text.__libc_init_array
                0x0800717c       0x48 c:/program files (x86)/atollic/truestudio for arm 8.1.0/armtools/bin/../lib/gcc/arm-atollic-eabi/6.3.1/../../../../arm-atollic-eabi/lib/armv7e-m/fpu\libc_nano.a(lib_a-init.o)
                0x0800717c                __libc_init_array
 *(.glue_7)
 .glue_7        0x080071c4        0x0 linker stubs
 *(.glue_7t)
 .glue_7t       0x080071c4        0x0 linker stubs
 *(.eh_frame)
 .eh_frame      0x080071c4        0x0 c:/program files (x86)/atollic/truestudio for arm 8.1.0/armtools/bin/../lib/gcc/arm-atollic-eabi/6.3.1/armv7e-m/fpu/crtbegin.o
 *(.init)
 .init          0x080071c4        0x4 c:/program files (x86)/atollic/truestudio for arm 8.1.0/armtools/bin/../lib/gcc/arm-atollic-eabi/6.3.1/armv7e-m/fpu/crti.o
                0x080071c4                _init
 .init          0x080071c8        0x8 c:/program files (x86)/atollic/truestudio for arm 8.1.0/armtools/bin/../lib/gcc/arm-atollic-eabi/6.3.1/armv7e-m/fpu/crtn.o
 *(.fini)
 .fini          0x080071d0        0x4 c:/program files (x86)/atollic/truestudio for arm 8.1.0/armtools/bin/../lib/gcc/arm-atollic-eabi/6.3.1/armv7e-m/fpu/crti.o
                0x080071d0                _fini
 .fini          0x080071d4        0x8 c:/program files (x86)/atollic/truestudio for arm 8.1.0/armtools/bin/../lib/gcc/arm-atollic-eabi/6.3.1/armv7e-m/fpu/crtn.o
                0x080071dc                . = ALIGN (0x4)
                0x080071dc                _etext = .

.vfp11_veneer   0x080071dc        0x0
 .vfp11_veneer  0x080071dc        0x0 linker stubs

.v4_bx          0x080071dc        0x0
 .v4_bx         0x080071dc        0x0 linker stubs

.iplt           0x080071dc        0x0
 .iplt          0x080071dc        0x0 c:/program files (x86)/atollic/truestudio for arm 8.1.0/armtools/bin/../lib/gcc/arm-atollic-eabi/6.3.1/armv7e-m/fpu/crtbegin.o

.rodata         0x080071dc       0xbc
                0x080071dc                . = ALIGN (0x4)
 *(.rodata)
 .rodata        0x080071dc       0x1e Src\main.o
 *fill*         0x080071fa        0x2 
 .rodata        0x080071fc       0x13 Src\usbd_conf.o
 *fill*         0x0800720f        0x1 
 .rodata        0x08007210       0x56 Src\usbd_desc.o
 *(.rodata*)
 *fill*         0x08007266        0x2 
 .rodata.aPLLMULFactorTable
                0x08007268       0x10 Drivers\STM32F3xx_HAL_Driver\Src\stm32f3xx_hal_rcc.o
                0x08007268                aPLLMULFactorTable
 .rodata.aPredivFactorTable
                0x08007278       0x10 Drivers\STM32F3xx_HAL_Driver\Src\stm32f3xx_hal_rcc.o
                0x08007278                aPredivFactorTable
 .rodata.AHBPrescTable
                0x08007288       0x10 Src\system_stm32f3xx.o
                0x08007288                AHBPrescTable
                0x08007298                . = ALIGN (0x4)

.rel.dyn        0x08007298        0x0
 .rel.iplt      0x08007298        0x0 c:/program files (x86)/atollic/truestudio for arm 8.1.0/armtools/bin/../lib/gcc/arm-atollic-eabi/6.3.1/armv7e-m/fpu/crtbegin.o

.ARM.extab
 *(.ARM.extab* .gnu.linkonce.armextab.*)

.ARM            0x08007298        0x0
                0x08007298                __exidx_start = .
 *(.ARM.exidx*)
                0x08007298                __exidx_end = .

.preinit_array  0x08007298        0x0
                0x08007298                PROVIDE (__preinit_array_start, .)
 *(.preinit_array*)
                0x08007298                PROVIDE (__preinit_array_end, .)

.init_array     0x08007298        0x4
                0x08007298                PROVIDE (__init_array_start, .)
 *(SORT(.init_array.*))
 *(.init_array*)
 .init_array    0x08007298        0x4 c:/program files (x86)/atollic/truestudio for arm 8.1.0/armtools/bin/../lib/gcc/arm-atollic-eabi/6.3.1/armv7e-m/fpu/crtbegin.o
                0x0800729c                PROVIDE (__init_array_end, .)

.fini_array     0x0800729c        0x4
                [!provide]                PROVIDE (__fini_array_start, .)
 *(SORT(.fini_array.*))
 *(.fini_array*)
 .fini_array    0x0800729c        0x4 c:/program files (x86)/atollic/truestudio for arm 8.1.0/armtools/bin/../lib/gcc/arm-atollic-eabi/6.3.1/armv7e-m/fpu/crtbegin.o
                [!provide]                PROVIDE (__fini_array_end, .)
                0x080072a0                _sidata = LOADADDR (.data)

.data           0x20000000       0xf8 load address 0x080072a0
                0x20000000                . = ALIGN (0x4)
                0x20000000                _sdata = .
 *(.data)
 *(.data*)
 .data.USBD_HID
                0x20000000       0x38 Middlewares\ST\STM32_USB_Device_Library\Class\HID\Src\usbd_hid.o
                0x20000000                USBD_HID
 .data.USBD_HID_CfgDesc
                0x20000038       0x22 Middlewares\ST\STM32_USB_Device_Library\Class\HID\Src\usbd_hid.o
 *fill*         0x2000005a        0x2 
 .data.USBD_HID_Desc
                0x2000005c        0x9 Middlewares\ST\STM32_USB_Device_Library\Class\HID\Src\usbd_hid.o
 *fill*         0x20000065        0x3 
 .data.USBD_HID_DeviceQualifierDesc
                0x20000068        0xa Middlewares\ST\STM32_USB_Device_Library\Class\HID\Src\usbd_hid.o
 *fill*         0x20000072        0x2 
 .data.HID_MOUSE_ReportDesc
                0x20000074       0x4a Middlewares\ST\STM32_USB_Device_Library\Class\HID\Src\usbd_hid.o
 *fill*         0x200000be        0x2 
 .data.SystemCoreClock
                0x200000c0        0x4 Src\system_stm32f3xx.o
                0x200000c0                SystemCoreClock
 .data.FS_Desc  0x200000c4       0x1c Src\usbd_desc.o
                0x200000c4                FS_Desc
 .data.USBD_FS_DeviceDesc
                0x200000e0       0x12 Src\usbd_desc.o
                0x200000e0                USBD_FS_DeviceDesc
 *fill*         0x200000f2        0x2 
 .data.USBD_LangIDDesc
                0x200000f4        0x4 Src\usbd_desc.o
                0x200000f4                USBD_LangIDDesc
                0x200000f8                . = ALIGN (0x4)
                0x200000f8                _edata = .
                0x08007398                _siccmram = LOADADDR (.ccmram)

.igot.plt       0x200000f8        0x0 load address 0x08007398
 .igot.plt      0x200000f8        0x0 c:/program files (x86)/atollic/truestudio for arm 8.1.0/armtools/bin/../lib/gcc/arm-atollic-eabi/6.3.1/armv7e-m/fpu/crtbegin.o

.ccmram         0x10000000        0x0 load address 0x08007398
                0x10000000                . = ALIGN (0x4)
                0x10000000                _sccmram = .
 *(.ccmram)
 *(.ccmram*)
                0x10000000                . = ALIGN (0x4)
                0x10000000                _eccmram = .
                0x10000000                . = ALIGN (0x4)

.bss            0x200000f8      0x8dc
                0x200000f8                _sbss = .
                0x200000f8                __bss_start__ = _sbss
 *(.bss)
 .bss           0x200000f8       0x1c c:/program files (x86)/atollic/truestudio for arm 8.1.0/armtools/bin/../lib/gcc/arm-atollic-eabi/6.3.1/armv7e-m/fpu/crtbegin.o
 *(.bss*)
 .bss.cfgidx.9783
                0x20000114        0x1 Middlewares\ST\STM32_USB_Device_Library\Core\Src\usbd_ctlreq.o
 *fill*         0x20000115        0x3 
 .bss.mem.9910  0x20000118       0x14 Src\usbd_conf.o
 *(COMMON)
 COMMON         0x2000012c        0x4 Drivers\STM32F3xx_HAL_Driver\Src\stm32f3xx_hal.o
                0x2000012c                uwTick
 COMMON         0x20000130       0xd2 Src\main.o
                0x20000130                x
                0x20000134                htim4
                0x20000174                hi2c1
                0x200001c0                htim3
                0x20000200                y
 *fill*         0x20000202        0x2 
 COMMON         0x20000204        0x4 Src\stm32f3xx_it.o
                0x20000204                mouseHID
 COMMON         0x20000208      0x224 Src\usb_device.o
                0x20000208                hUsbDeviceFS
 COMMON         0x2000042c      0x3a8 Src\usbd_conf.o
                0x2000042c                hpcd_USB_FS
 COMMON         0x200007d4      0x200 Src\usbd_desc.o
                0x200007d4                USBD_StrDesc
                0x200009d4                . = ALIGN (0x4)
                0x200009d4                _ebss = .
                0x200009d4                __bss_end__ = _ebss

._user_heap_stack
                0x200009d4      0x600
                0x200009d4                . = ALIGN (0x4)
                [!provide]                PROVIDE (end, .)
                [!provide]                PROVIDE (_end, .)
                0x20000bd4                . = (. + _Min_Heap_Size)
 *fill*         0x200009d4      0x200 
                0x20000fd4                . = (. + _Min_Stack_Size)
 *fill*         0x20000bd4      0x400 
                0x20000fd4                . = ALIGN (0x4)

/DISCARD/
 libc.a(*)
 libm.a(*)
 libgcc.a(*)

.ARM.attributes
                0x00000000       0x30
 *(.ARM.attributes)
 .ARM.attributes
                0x00000000       0x22 c:/program files (x86)/atollic/truestudio for arm 8.1.0/armtools/bin/../lib/gcc/arm-atollic-eabi/6.3.1/armv7e-m/fpu/crti.o
 .ARM.attributes
                0x00000022       0x34 c:/program files (x86)/atollic/truestudio for arm 8.1.0/armtools/bin/../lib/gcc/arm-atollic-eabi/6.3.1/armv7e-m/fpu/crtbegin.o
 .ARM.attributes
                0x00000056       0x39 Drivers\STM32F3xx_HAL_Driver\Src\stm32f3xx_hal.o
 .ARM.attributes
                0x0000008f       0x39 Drivers\STM32F3xx_HAL_Driver\Src\stm32f3xx_hal_cortex.o
 .ARM.attributes
                0x000000c8       0x39 Drivers\STM32F3xx_HAL_Driver\Src\stm32f3xx_hal_gpio.o
 .ARM.attributes
                0x00000101       0x39 Drivers\STM32F3xx_HAL_Driver\Src\stm32f3xx_hal_i2c.o
 .ARM.attributes
                0x0000013a       0x39 Drivers\STM32F3xx_HAL_Driver\Src\stm32f3xx_hal_i2c_ex.o
 .ARM.attributes
                0x00000173       0x39 Drivers\STM32F3xx_HAL_Driver\Src\stm32f3xx_hal_pcd.o
 .ARM.attributes
                0x000001ac       0x39 Drivers\STM32F3xx_HAL_Driver\Src\stm32f3xx_hal_pcd_ex.o
 .ARM.attributes
                0x000001e5       0x39 Drivers\STM32F3xx_HAL_Driver\Src\stm32f3xx_hal_rcc.o
 .ARM.attributes
                0x0000021e       0x39 Drivers\STM32F3xx_HAL_Driver\Src\stm32f3xx_hal_rcc_ex.o
 .ARM.attributes
                0x00000257       0x39 Drivers\STM32F3xx_HAL_Driver\Src\stm32f3xx_hal_tim.o
 .ARM.attributes
                0x00000290       0x39 Drivers\STM32F3xx_HAL_Driver\Src\stm32f3xx_hal_tim_ex.o
 .ARM.attributes
                0x000002c9       0x39 Middlewares\ST\STM32_USB_Device_Library\Class\HID\Src\usbd_hid.o
 .ARM.attributes
                0x00000302       0x39 Middlewares\ST\STM32_USB_Device_Library\Core\Src\usbd_core.o
 .ARM.attributes
                0x0000033b       0x39 Middlewares\ST\STM32_USB_Device_Library\Core\Src\usbd_ctlreq.o
 .ARM.attributes
                0x00000374       0x39 Middlewares\ST\STM32_USB_Device_Library\Core\Src\usbd_ioreq.o
 .ARM.attributes
                0x000003ad       0x39 Src\main.o
 .ARM.attributes
                0x000003e6       0x39 Src\stm32f3xx_hal_msp.o
 .ARM.attributes
                0x0000041f       0x39 Src\stm32f3xx_it.o
 .ARM.attributes
                0x00000458       0x39 Src\system_stm32f3xx.o
 .ARM.attributes
                0x00000491       0x39 Src\usb_device.o
 .ARM.attributes
                0x000004ca       0x39 Src\usbd_conf.o
 .ARM.attributes
                0x00000503       0x39 Src\usbd_desc.o
 .ARM.attributes
                0x0000053c       0x21 startup\startup_stm32f303xc.o
 .ARM.attributes
                0x0000055d       0x34 c:/program files (x86)/atollic/truestudio for arm 8.1.0/armtools/bin/../lib/gcc/arm-atollic-eabi/6.3.1/../../../../arm-atollic-eabi/lib/armv7e-m/fpu\libc_nano.a(lib_a-init.o)
 .ARM.attributes
                0x00000591       0x22 c:/program files (x86)/atollic/truestudio for arm 8.1.0/armtools/bin/../lib/gcc/arm-atollic-eabi/6.3.1/armv7e-m/fpu/crtn.o
OUTPUT(STM32F3_HID_MOUSE_LSM303DLHC.elf elf32-littlearm)

.debug_info     0x00000000    0x1d133
 .debug_info    0x00000000      0xf16 Drivers\STM32F3xx_HAL_Driver\Src\stm32f3xx_hal.o
 .debug_info    0x00000f16     0x154a Drivers\STM32F3xx_HAL_Driver\Src\stm32f3xx_hal_cortex.o
 .debug_info    0x00002460      0xed4 Drivers\STM32F3xx_HAL_Driver\Src\stm32f3xx_hal_gpio.o
 .debug_info    0x00003334     0x23d2 Drivers\STM32F3xx_HAL_Driver\Src\stm32f3xx_hal_i2c.o
 .debug_info    0x00005706     0x1097 Drivers\STM32F3xx_HAL_Driver\Src\stm32f3xx_hal_i2c_ex.o
 .debug_info    0x0000679d     0x1768 Drivers\STM32F3xx_HAL_Driver\Src\stm32f3xx_hal_pcd.o
 .debug_info    0x00007f05      0xeee Drivers\STM32F3xx_HAL_Driver\Src\stm32f3xx_hal_pcd_ex.o
 .debug_info    0x00008df3     0x1f66 Drivers\STM32F3xx_HAL_Driver\Src\stm32f3xx_hal_rcc.o
 .debug_info    0x0000ad59      0xe74 Drivers\STM32F3xx_HAL_Driver\Src\stm32f3xx_hal_rcc_ex.o
 .debug_info    0x0000bbcd     0x2acd Drivers\STM32F3xx_HAL_Driver\Src\stm32f3xx_hal_tim.o
 .debug_info    0x0000e69a     0x1aac Drivers\STM32F3xx_HAL_Driver\Src\stm32f3xx_hal_tim_ex.o
 .debug_info    0x00010146     0x1043 Middlewares\ST\STM32_USB_Device_Library\Class\HID\Src\usbd_hid.o
 .debug_info    0x00011189     0x116a Middlewares\ST\STM32_USB_Device_Library\Core\Src\usbd_core.o
 .debug_info    0x000122f3     0x10cb Middlewares\ST\STM32_USB_Device_Library\Core\Src\usbd_ctlreq.o
 .debug_info    0x000133be      0xecb Middlewares\ST\STM32_USB_Device_Library\Core\Src\usbd_ioreq.o
 .debug_info    0x00014289     0x1d95 Src\main.o
 .debug_info    0x0001601e     0x1571 Src\stm32f3xx_hal_msp.o
 .debug_info    0x0001758f     0x176f Src\stm32f3xx_it.o
 .debug_info    0x00018cfe      0xc1c Src\system_stm32f3xx.o
 .debug_info    0x0001991a      0xd48 Src\usb_device.o
 .debug_info    0x0001a662     0x1e17 Src\usbd_conf.o
 .debug_info    0x0001c479      0xc00 Src\usbd_desc.o
 .debug_info    0x0001d079       0xba startup\startup_stm32f303xc.o

.debug_abbrev   0x00000000     0x34d8
 .debug_abbrev  0x00000000      0x266 Drivers\STM32F3xx_HAL_Driver\Src\stm32f3xx_hal.o
 .debug_abbrev  0x00000266      0x33d Drivers\STM32F3xx_HAL_Driver\Src\stm32f3xx_hal_cortex.o
 .debug_abbrev  0x000005a3      0x24c Drivers\STM32F3xx_HAL_Driver\Src\stm32f3xx_hal_gpio.o
 .debug_abbrev  0x000007ef      0x2a5 Drivers\STM32F3xx_HAL_Driver\Src\stm32f3xx_hal_i2c.o
 .debug_abbrev  0x00000a94      0x21a Drivers\STM32F3xx_HAL_Driver\Src\stm32f3xx_hal_i2c_ex.o
 .debug_abbrev  0x00000cae      0x2e5 Drivers\STM32F3xx_HAL_Driver\Src\stm32f3xx_hal_pcd.o
 .debug_abbrev  0x00000f93      0x21e Drivers\STM32F3xx_HAL_Driver\Src\stm32f3xx_hal_pcd_ex.o
 .debug_abbrev  0x000011b1      0x2fc Drivers\STM32F3xx_HAL_Driver\Src\stm32f3xx_hal_rcc.o
 .debug_abbrev  0x000014ad      0x2c7 Drivers\STM32F3xx_HAL_Driver\Src\stm32f3xx_hal_rcc_ex.o
 .debug_abbrev  0x00001774      0x2ab Drivers\STM32F3xx_HAL_Driver\Src\stm32f3xx_hal_tim.o
 .debug_abbrev  0x00001a1f      0x288 Drivers\STM32F3xx_HAL_Driver\Src\stm32f3xx_hal_tim_ex.o
 .debug_abbrev  0x00001ca7      0x254 Middlewares\ST\STM32_USB_Device_Library\Class\HID\Src\usbd_hid.o
 .debug_abbrev  0x00001efb      0x25c Middlewares\ST\STM32_USB_Device_Library\Core\Src\usbd_core.o
 .debug_abbrev  0x00002157      0x28c Middlewares\ST\STM32_USB_Device_Library\Core\Src\usbd_ctlreq.o
 .debug_abbrev  0x000023e3      0x1cc Middlewares\ST\STM32_USB_Device_Library\Core\Src\usbd_ioreq.o
 .debug_abbrev  0x000025af      0x2e4 Src\main.o
 .debug_abbrev  0x00002893      0x201 Src\stm32f3xx_hal_msp.o
 .debug_abbrev  0x00002a94      0x1f3 Src\stm32f3xx_it.o
 .debug_abbrev  0x00002c87      0x1ca Src\system_stm32f3xx.o
 .debug_abbrev  0x00002e51      0x19d Src\usb_device.o
 .debug_abbrev  0x00002fee      0x2ad Src\usbd_conf.o
 .debug_abbrev  0x0000329b      0x22b Src\usbd_desc.o
 .debug_abbrev  0x000034c6       0x12 startup\startup_stm32f303xc.o

.debug_aranges  0x00000000     0x10c0
 .debug_aranges
                0x00000000       0xc8 Drivers\STM32F3xx_HAL_Driver\Src\stm32f3xx_hal.o
 .debug_aranges
                0x000000c8      0x118 Drivers\STM32F3xx_HAL_Driver\Src\stm32f3xx_hal_cortex.o
 .debug_aranges
                0x000001e0       0x58 Drivers\STM32F3xx_HAL_Driver\Src\stm32f3xx_hal_gpio.o
 .debug_aranges
                0x00000238      0x260 Drivers\STM32F3xx_HAL_Driver\Src\stm32f3xx_hal_i2c.o
 .debug_aranges
                0x00000498       0x48 Drivers\STM32F3xx_HAL_Driver\Src\stm32f3xx_hal_i2c_ex.o
 .debug_aranges
                0x000004e0      0x120 Drivers\STM32F3xx_HAL_Driver\Src\stm32f3xx_hal_pcd.o
 .debug_aranges
                0x00000600       0x38 Drivers\STM32F3xx_HAL_Driver\Src\stm32f3xx_hal_pcd_ex.o
 .debug_aranges
                0x00000638       0x88 Drivers\STM32F3xx_HAL_Driver\Src\stm32f3xx_hal_rcc.o
 .debug_aranges
                0x000006c0       0x38 Drivers\STM32F3xx_HAL_Driver\Src\stm32f3xx_hal_rcc_ex.o
 .debug_aranges
                0x000006f8      0x378 Drivers\STM32F3xx_HAL_Driver\Src\stm32f3xx_hal_tim.o
 .debug_aranges
                0x00000a70      0x178 Drivers\STM32F3xx_HAL_Driver\Src\stm32f3xx_hal_tim_ex.o
 .debug_aranges
                0x00000be8       0x58 Middlewares\ST\STM32_USB_Device_Library\Class\HID\Src\usbd_hid.o
 .debug_aranges
                0x00000c40       0xb8 Middlewares\ST\STM32_USB_Device_Library\Core\Src\usbd_core.o
 .debug_aranges
                0x00000cf8       0x88 Middlewares\ST\STM32_USB_Device_Library\Core\Src\usbd_ctlreq.o
 .debug_aranges
                0x00000d80       0x50 Middlewares\ST\STM32_USB_Device_Library\Core\Src\usbd_ioreq.o
 .debug_aranges
                0x00000dd0       0x70 Src\main.o
 .debug_aranges
                0x00000e40       0x40 Src\stm32f3xx_hal_msp.o
 .debug_aranges
                0x00000e80       0x70 Src\stm32f3xx_it.o
 .debug_aranges
                0x00000ef0       0x28 Src\system_stm32f3xx.o
 .debug_aranges
                0x00000f18       0x20 Src\usb_device.o
 .debug_aranges
                0x00000f38      0x110 Src\usbd_conf.o
 .debug_aranges
                0x00001048       0x50 Src\usbd_desc.o
 .debug_aranges
                0x00001098       0x28 startup\startup_stm32f303xc.o

.debug_ranges   0x00000000      0xf58
 .debug_ranges  0x00000000       0xb8 Drivers\STM32F3xx_HAL_Driver\Src\stm32f3xx_hal.o
 .debug_ranges  0x000000b8      0x108 Drivers\STM32F3xx_HAL_Driver\Src\stm32f3xx_hal_cortex.o
 .debug_ranges  0x000001c0       0x48 Drivers\STM32F3xx_HAL_Driver\Src\stm32f3xx_hal_gpio.o
 .debug_ranges  0x00000208      0x250 Drivers\STM32F3xx_HAL_Driver\Src\stm32f3xx_hal_i2c.o
 .debug_ranges  0x00000458       0x38 Drivers\STM32F3xx_HAL_Driver\Src\stm32f3xx_hal_i2c_ex.o
 .debug_ranges  0x00000490      0x110 Drivers\STM32F3xx_HAL_Driver\Src\stm32f3xx_hal_pcd.o
 .debug_ranges  0x000005a0       0x28 Drivers\STM32F3xx_HAL_Driver\Src\stm32f3xx_hal_pcd_ex.o
 .debug_ranges  0x000005c8       0x78 Drivers\STM32F3xx_HAL_Driver\Src\stm32f3xx_hal_rcc.o
 .debug_ranges  0x00000640       0x28 Drivers\STM32F3xx_HAL_Driver\Src\stm32f3xx_hal_rcc_ex.o
 .debug_ranges  0x00000668      0x368 Drivers\STM32F3xx_HAL_Driver\Src\stm32f3xx_hal_tim.o
 .debug_ranges  0x000009d0      0x168 Drivers\STM32F3xx_HAL_Driver\Src\stm32f3xx_hal_tim_ex.o
 .debug_ranges  0x00000b38       0x48 Middlewares\ST\STM32_USB_Device_Library\Class\HID\Src\usbd_hid.o
 .debug_ranges  0x00000b80       0xa8 Middlewares\ST\STM32_USB_Device_Library\Core\Src\usbd_core.o
 .debug_ranges  0x00000c28       0x78 Middlewares\ST\STM32_USB_Device_Library\Core\Src\usbd_ctlreq.o
 .debug_ranges  0x00000ca0       0x40 Middlewares\ST\STM32_USB_Device_Library\Core\Src\usbd_ioreq.o
 .debug_ranges  0x00000ce0       0x60 Src\main.o
 .debug_ranges  0x00000d40       0x30 Src\stm32f3xx_hal_msp.o
 .debug_ranges  0x00000d70       0x60 Src\stm32f3xx_it.o
 .debug_ranges  0x00000dd0       0x18 Src\system_stm32f3xx.o
 .debug_ranges  0x00000de8       0x10 Src\usb_device.o
 .debug_ranges  0x00000df8      0x100 Src\usbd_conf.o
 .debug_ranges  0x00000ef8       0x40 Src\usbd_desc.o
 .debug_ranges  0x00000f38       0x20 startup\startup_stm32f303xc.o

.debug_line     0x00000000     0x8ebe
 .debug_line    0x00000000      0x422 Drivers\STM32F3xx_HAL_Driver\Src\stm32f3xx_hal.o
 .debug_line    0x00000422      0x5aa Drivers\STM32F3xx_HAL_Driver\Src\stm32f3xx_hal_cortex.o
 .debug_line    0x000009cc      0x43f Drivers\STM32F3xx_HAL_Driver\Src\stm32f3xx_hal_gpio.o
 .debug_line    0x00000e0b     0x1366 Drivers\STM32F3xx_HAL_Driver\Src\stm32f3xx_hal_i2c.o
 .debug_line    0x00002171      0x3fc Drivers\STM32F3xx_HAL_Driver\Src\stm32f3xx_hal_i2c_ex.o
 .debug_line    0x0000256d      0x853 Drivers\STM32F3xx_HAL_Driver\Src\stm32f3xx_hal_pcd.o
 .debug_line    0x00002dc0      0x343 Drivers\STM32F3xx_HAL_Driver\Src\stm32f3xx_hal_pcd_ex.o
 .debug_line    0x00003103      0x9db Drivers\STM32F3xx_HAL_Driver\Src\stm32f3xx_hal_rcc.o
 .debug_line    0x00003ade      0x58b Drivers\STM32F3xx_HAL_Driver\Src\stm32f3xx_hal_rcc_ex.o
 .debug_line    0x00004069     0x155f Drivers\STM32F3xx_HAL_Driver\Src\stm32f3xx_hal_tim.o
 .debug_line    0x000055c8      0xa2c Drivers\STM32F3xx_HAL_Driver\Src\stm32f3xx_hal_tim_ex.o
 .debug_line    0x00005ff4      0x410 Middlewares\ST\STM32_USB_Device_Library\Class\HID\Src\usbd_hid.o
 .debug_line    0x00006404      0x4da Middlewares\ST\STM32_USB_Device_Library\Core\Src\usbd_core.o
 .debug_line    0x000068de      0x534 Middlewares\ST\STM32_USB_Device_Library\Core\Src\usbd_ctlreq.o
 .debug_line    0x00006e12      0x375 Middlewares\ST\STM32_USB_Device_Library\Core\Src\usbd_ioreq.o
 .debug_line    0x00007187      0x4e8 Src\main.o
 .debug_line    0x0000766f      0x346 Src\stm32f3xx_hal_msp.o
 .debug_line    0x000079b5      0x504 Src\stm32f3xx_it.o
 .debug_line    0x00007eb9      0x26f Src\system_stm32f3xx.o
 .debug_line    0x00008128      0x33c Src\usb_device.o
 .debug_line    0x00008464      0x67d Src\usbd_conf.o
 .debug_line    0x00008ae1      0x35e Src\usbd_desc.o
 .debug_line    0x00008e3f       0x7f startup\startup_stm32f303xc.o

.debug_str      0x00000000     0x4e79
 .debug_str     0x00000000      0xcd2 Drivers\STM32F3xx_HAL_Driver\Src\stm32f3xx_hal.o
                                0xd73 (size before relaxing)
 .debug_str     0x00000cd2      0x435 Drivers\STM32F3xx_HAL_Driver\Src\stm32f3xx_hal_cortex.o
                               0x100b (size before relaxing)
 .debug_str     0x00001107      0x1ed Drivers\STM32F3xx_HAL_Driver\Src\stm32f3xx_hal_gpio.o
                                0x916 (size before relaxing)
 .debug_str     0x000012f4      0xbea Drivers\STM32F3xx_HAL_Driver\Src\stm32f3xx_hal_i2c.o
                               0x1323 (size before relaxing)
 .debug_str     0x00001ede       0xf3 Drivers\STM32F3xx_HAL_Driver\Src\stm32f3xx_hal_i2c_ex.o
                                0xcae (size before relaxing)
 .debug_str     0x00001fd1      0x5b2 Drivers\STM32F3xx_HAL_Driver\Src\stm32f3xx_hal_pcd.o
                                0xd07 (size before relaxing)
 .debug_str     0x00002583       0xc2 Drivers\STM32F3xx_HAL_Driver\Src\stm32f3xx_hal_pcd_ex.o
                                0xa3d (size before relaxing)
 .debug_str     0x00002645      0x30a Drivers\STM32F3xx_HAL_Driver\Src\stm32f3xx_hal_rcc.o
                                0xace (size before relaxing)
 .debug_str     0x0000294f      0x22f Drivers\STM32F3xx_HAL_Driver\Src\stm32f3xx_hal_rcc_ex.o
                                0x9a9 (size before relaxing)
 .debug_str     0x00002b7e      0xf25 Drivers\STM32F3xx_HAL_Driver\Src\stm32f3xx_hal_tim.o
                               0x1824 (size before relaxing)
 .debug_str     0x00003aa3      0x5f2 Drivers\STM32F3xx_HAL_Driver\Src\stm32f3xx_hal_tim_ex.o
                               0x122b (size before relaxing)
 .debug_str     0x00004095      0x4fb Middlewares\ST\STM32_USB_Device_Library\Class\HID\Src\usbd_hid.o
                                0xbff (size before relaxing)
 .debug_str     0x00004590      0x1c8 Middlewares\ST\STM32_USB_Device_Library\Core\Src\usbd_core.o
                                0xbff (size before relaxing)
 .debug_str     0x00004758      0x12f Middlewares\ST\STM32_USB_Device_Library\Core\Src\usbd_ctlreq.o
                                0xb85 (size before relaxing)
 .debug_str     0x00004887       0xc9 Middlewares\ST\STM32_USB_Device_Library\Core\Src\usbd_ioreq.o
                                0xb0d (size before relaxing)
 .debug_str     0x00004950      0x119 Src\main.o
                               0x19df (size before relaxing)
 .debug_str     0x00004a69       0x25 Src\stm32f3xx_hal_msp.o
                               0x1288 (size before relaxing)
 .debug_str     0x00004a8e      0x110 Src\stm32f3xx_it.o
                               0x118d (size before relaxing)
 .debug_str     0x00004b9e       0x50 Src\system_stm32f3xx.o
                                0x772 (size before relaxing)
 .debug_str     0x00004bee       0x27 Src\usb_device.o
                                0xa48 (size before relaxing)
 .debug_str     0x00004c15      0x156 Src\usbd_conf.o
                               0x156c (size before relaxing)
 .debug_str     0x00004d6b      0x10e Src\usbd_desc.o
                                0x8b0 (size before relaxing)

.comment        0x00000000       0x7c
 .comment       0x00000000       0x7c Drivers\STM32F3xx_HAL_Driver\Src\stm32f3xx_hal.o
                                 0x7d (size before relaxing)
 .comment       0x0000007c       0x7d Drivers\STM32F3xx_HAL_Driver\Src\stm32f3xx_hal_cortex.o
 .comment       0x0000007c       0x7d Drivers\STM32F3xx_HAL_Driver\Src\stm32f3xx_hal_gpio.o
 .comment       0x0000007c       0x7d Drivers\STM32F3xx_HAL_Driver\Src\stm32f3xx_hal_i2c.o
 .comment       0x0000007c       0x7d Drivers\STM32F3xx_HAL_Driver\Src\stm32f3xx_hal_i2c_ex.o
 .comment       0x0000007c       0x7d Drivers\STM32F3xx_HAL_Driver\Src\stm32f3xx_hal_pcd.o
 .comment       0x0000007c       0x7d Drivers\STM32F3xx_HAL_Driver\Src\stm32f3xx_hal_pcd_ex.o
 .comment       0x0000007c       0x7d Drivers\STM32F3xx_HAL_Driver\Src\stm32f3xx_hal_rcc.o
 .comment       0x0000007c       0x7d Drivers\STM32F3xx_HAL_Driver\Src\stm32f3xx_hal_rcc_ex.o
 .comment       0x0000007c       0x7d Drivers\STM32F3xx_HAL_Driver\Src\stm32f3xx_hal_tim.o
 .comment       0x0000007c       0x7d Drivers\STM32F3xx_HAL_Driver\Src\stm32f3xx_hal_tim_ex.o
 .comment       0x0000007c       0x7d Middlewares\ST\STM32_USB_Device_Library\Class\HID\Src\usbd_hid.o
 .comment       0x0000007c       0x7d Middlewares\ST\STM32_USB_Device_Library\Core\Src\usbd_core.o
 .comment       0x0000007c       0x7d Middlewares\ST\STM32_USB_Device_Library\Core\Src\usbd_ctlreq.o
 .comment       0x0000007c       0x7d Middlewares\ST\STM32_USB_Device_Library\Core\Src\usbd_ioreq.o
 .comment       0x0000007c       0x7d Src\main.o
 .comment       0x0000007c       0x7d Src\stm32f3xx_hal_msp.o
 .comment       0x0000007c       0x7d Src\stm32f3xx_it.o
 .comment       0x0000007c       0x7d Src\system_stm32f3xx.o
 .comment       0x0000007c       0x7d Src\usb_device.o
 .comment       0x0000007c       0x7d Src\usbd_conf.o
 .comment       0x0000007c       0x7d Src\usbd_desc.o

.debug_frame    0x00000000     0x450c
 .debug_frame   0x00000000      0x2d0 Drivers\STM32F3xx_HAL_Driver\Src\stm32f3xx_hal.o
 .debug_frame   0x000002d0      0x498 Drivers\STM32F3xx_HAL_Driver\Src\stm32f3xx_hal_cortex.o
 .debug_frame   0x00000768      0x14c Drivers\STM32F3xx_HAL_Driver\Src\stm32f3xx_hal_gpio.o
 .debug_frame   0x000008b4      0xafc Drivers\STM32F3xx_HAL_Driver\Src\stm32f3xx_hal_i2c.o
 .debug_frame   0x000013b0      0x100 Drivers\STM32F3xx_HAL_Driver\Src\stm32f3xx_hal_i2c_ex.o
 .debug_frame   0x000014b0      0x534 Drivers\STM32F3xx_HAL_Driver\Src\stm32f3xx_hal_pcd.o
 .debug_frame   0x000019e4       0xb0 Drivers\STM32F3xx_HAL_Driver\Src\stm32f3xx_hal_pcd_ex.o
 .debug_frame   0x00001a94      0x210 Drivers\STM32F3xx_HAL_Driver\Src\stm32f3xx_hal_rcc.o
 .debug_frame   0x00001ca4       0xb4 Drivers\STM32F3xx_HAL_Driver\Src\stm32f3xx_hal_rcc_ex.o
 .debug_frame   0x00001d58      0xffc Drivers\STM32F3xx_HAL_Driver\Src\stm32f3xx_hal_tim.o
 .debug_frame   0x00002d54      0x688 Drivers\STM32F3xx_HAL_Driver\Src\stm32f3xx_hal_tim_ex.o
 .debug_frame   0x000033dc      0x140 Middlewares\ST\STM32_USB_Device_Library\Class\HID\Src\usbd_hid.o
 .debug_frame   0x0000351c      0x300 Middlewares\ST\STM32_USB_Device_Library\Core\Src\usbd_core.o
 .debug_frame   0x0000381c      0x210 Middlewares\ST\STM32_USB_Device_Library\Core\Src\usbd_ctlreq.o
 .debug_frame   0x00003a2c      0x10c Middlewares\ST\STM32_USB_Device_Library\Core\Src\usbd_ioreq.o
 .debug_frame   0x00003b38      0x180 Src\main.o
 .debug_frame   0x00003cb8       0xc4 Src\stm32f3xx_hal_msp.o
 .debug_frame   0x00003d7c      0x150 Src\stm32f3xx_it.o
 .debug_frame   0x00003ecc       0x58 Src\system_stm32f3xx.o
 .debug_frame   0x00003f24       0x2c Src\usb_device.o
 .debug_frame   0x00003f50      0x47c Src\usbd_conf.o
 .debug_frame   0x000043cc      0x114 Src\usbd_desc.o
 .debug_frame   0x000044e0       0x2c c:/program files (x86)/atollic/truestudio for arm 8.1.0/armtools/bin/../lib/gcc/arm-atollic-eabi/6.3.1/../../../../arm-atollic-eabi/lib/armv7e-m/fpu\libc_nano.a(lib_a-init.o)
